PASS fresh/current
PASS fresh/future-rejected
PASS fresh/expired
PASS command/NaN
PASS actuation/bounds
PASS manual/valid
PASS lease/expired
PASS deadman/release
PASS interlock/emergency
PASS interlock/bumper
PASS interlock/cliff
PASS interlock/cover
PASS interlock/full
PASS interlock/permit
PASS interlock/driver
PASS interlock/voltage
PASS interlock/obstacle
PASS sensor/stale
PASS fault/latches
PASS fault/explicit-reset
PASS deadline/trips
PASS current/stall-latches
PASS vision/missing-stops
PASS vision/old-stops
PASS vision/hazard-stops
PASS vision/low-confidence
PASS pickup/manual-speed-clamp
PASS pickup/unknown-not-collected
PASS pickup/auto-start
PASS pickup/stop-chassis-after-intake
PASS pickup/drop-confirmed
PASS protocol/round-trip
PASS protocol/replay-rejected
PASS protocol/tampering-rejected
PASS protocol/other-session
PASS protocol/short-packet
PASS SPI/ADC-decode
PASS SPI/ADC-command
PASS SPI/ADC-invalid-channel
PASS PWM/channel-register
PASS PWM/half-duty
PASS PWM/full-off-bit
PASS GPIO-expander/init-direction
PASS PWM/no-ALL-register-write-after-channel-duty
PASS encoder/signed-wrap
PASS kinematics/differential
PASS drive/immediate-disable
PASS sim/watchdog-drops-permit
PASS integration/oracle-collects-three
PASS integration/hazard-left-behind
PASS 50 assertions
PASS backend-identity
PASS physics-5ms-substeps
PASS full-dt-accounted
PASS pose-not-reintegrated-by-world
PASS wheel-speeds-from-backend
PASS battery-from-backend
PASS currents-from-backend
PASS sensor-adapter-called
PASS encoder-count-through-adapter
PASS actuator-power-propagated
PASS jam-propagated
PASS physical-stop-removes-power
PASS clear-stop-does-not-rearm
PASS new-physical-arm-required
PASS cannot-arm-open-guard
PASS backend-closed-once
PASS NaN-physics-rejected
PASS hazard-has-no-physical-immunity
PASS command-alone-cannot-pick-up
PASS watchdog-reaches-physics-boundary
